2025-12-23 16:15:40,309 INFO o.a.j.u.JMeterUtils: Setting Locale to en_EN
2025-12-23 16:15:40,332 INFO o.a.j.JMeter: Loading user properties from: C:\Users\amanda.coliveira\Documents\Pessoal\PosGraduacao\9 - Automação de Testes de Performance\apache-jmeter-5.6.3\apache-jmeter-5.6.3\bin\user.properties
2025-12-23 16:15:40,333 INFO o.a.j.JMeter: Loading system properties from: C:\Users\amanda.coliveira\Documents\Pessoal\PosGraduacao\9 - Automação de Testes de Performance\apache-jmeter-5.6.3\apache-jmeter-5.6.3\bin\system.properties
2025-12-23 16:15:40,344 INFO o.a.j.JMeter: Copyright (c) 1998-2024 The Apache Software Foundation
2025-12-23 16:15:40,345 INFO o.a.j.JMeter: Version 5.6.3
2025-12-23 16:15:40,345 INFO o.a.j.JMeter: java.version=25.0.1
2025-12-23 16:15:40,348 INFO o.a.j.JMeter: java.vm.name=Java HotSpot(TM) 64-Bit Server VM
2025-12-23 16:15:40,348 INFO o.a.j.JMeter: os.name=Windows 11
2025-12-23 16:15:40,348 INFO o.a.j.JMeter: os.arch=amd64
2025-12-23 16:15:40,348 INFO o.a.j.JMeter: os.version=10.0
2025-12-23 16:15:40,348 INFO o.a.j.JMeter: file.encoding=UTF-8
2025-12-23 16:15:40,348 INFO o.a.j.JMeter: java.awt.headless=true
2025-12-23 16:15:40,348 INFO o.a.j.JMeter: Max memory     =1073741824
2025-12-23 16:15:40,348 INFO o.a.j.JMeter: Available Processors =8
2025-12-23 16:15:40,399 INFO o.a.j.JMeter: Default Locale=English (EN)
2025-12-23 16:15:40,399 INFO o.a.j.JMeter: JMeter  Locale=English (EN)
2025-12-23 16:15:40,400 INFO o.a.j.JMeter: JMeterHome=C:\Users\amanda.coliveira\Documents\Pessoal\PosGraduacao\9 - Automação de Testes de Performance\apache-jmeter-5.6.3\apache-jmeter-5.6.3
2025-12-23 16:15:40,400 INFO o.a.j.JMeter: user.dir  =C:\Users\amanda.coliveira\Documents\Pessoal\PosGraduacao\9 - Automação de Testes de Performance\PGATS_Performance_TrabalhoFinal
2025-12-23 16:15:40,401 INFO o.a.j.JMeter: PWD       =C:\Users\amanda.coliveira\Documents\Pessoal\PosGraduacao\9 - Automação de Testes de Performance\PGATS_Performance_TrabalhoFinal
2025-12-23 16:15:40,407 INFO o.a.j.JMeter: IP: 192.168.15.114 Name: DSPN180100320 FullName: DSPN180100320.sp01.local
2025-12-23 16:15:40,424 INFO o.a.j.s.FileServer: Default base='C:\Users\amanda.coliveira\Documents\Pessoal\PosGraduacao\9 - Automação de Testes de Performance\PGATS_Performance_TrabalhoFinal'
2025-12-23 16:15:40,426 INFO o.a.j.s.FileServer: Set new base='C:\Users\amanda.coliveira\Documents\Pessoal\PosGraduacao\9 - Automação de Testes de Performance\PGATS_Performance_TrabalhoFinal\performance\jmeter'
2025-12-23 16:15:40,725 INFO o.a.j.s.SaveService: Testplan (JMX) version: 2.2. Testlog (JTL) version: 2.2
2025-12-23 16:15:40,754 INFO o.a.j.s.SaveService: Using SaveService properties version 5.0
2025-12-23 16:15:40,759 INFO o.a.j.s.SaveService: Using SaveService properties file encoding UTF-8
2025-12-23 16:15:40,763 INFO o.a.j.s.SaveService: Loading file: C:\Users\amanda.coliveira\Documents\Pessoal\PosGraduacao\9 - Automação de Testes de Performance\PGATS_Performance_TrabalhoFinal\performance\jmeter\ToDo List API - Plano de Testes de Performance (JMeter).jmx
2025-12-23 16:15:40,848 INFO o.a.j.p.h.s.HTTPSamplerBase: Parser for text/html is org.apache.jmeter.protocol.http.parser.LagartoBasedHtmlParser
2025-12-23 16:15:40,849 INFO o.a.j.p.h.s.HTTPSamplerBase: Parser for application/xhtml+xml is org.apache.jmeter.protocol.http.parser.LagartoBasedHtmlParser
2025-12-23 16:15:40,849 INFO o.a.j.p.h.s.HTTPSamplerBase: Parser for application/xml is org.apache.jmeter.protocol.http.parser.LagartoBasedHtmlParser
2025-12-23 16:15:40,849 INFO o.a.j.p.h.s.HTTPSamplerBase: Parser for text/xml is org.apache.jmeter.protocol.http.parser.LagartoBasedHtmlParser
2025-12-23 16:15:40,849 INFO o.a.j.p.h.s.HTTPSamplerBase: Parser for text/vnd.wap.wml is org.apache.jmeter.protocol.http.parser.RegexpHTMLParser
2025-12-23 16:15:40,849 INFO o.a.j.p.h.s.HTTPSamplerBase: Parser for text/css is org.apache.jmeter.protocol.http.parser.CssParser
2025-12-23 16:15:40,929 INFO o.a.j.JMeter: Creating summariser <summary>
2025-12-23 16:15:40,953 INFO o.a.j.e.StandardJMeterEngine: Running the test!
2025-12-23 16:15:40,954 INFO o.a.j.s.SampleEvent: List of sample_variables: []
2025-12-23 16:15:40,955 INFO o.a.j.s.SampleEvent: List of sample_variables: []
2025-12-23 16:15:40,961 INFO o.a.j.e.u.CompoundVariable: Note: Function class names must contain the string: '.functions.'
2025-12-23 16:15:40,961 INFO o.a.j.e.u.CompoundVariable: Note: Function class names must not contain the string: '.gui.'
2025-12-23 16:15:41,066 INFO o.a.j.r.ClassFinder: Will scan jar C:\Users\amanda.coliveira\Documents\Pessoal\PosGraduacao\9 - Automação de Testes de Performance\apache-jmeter-5.6.3\apache-jmeter-5.6.3\lib\ext\jmeter-plugins-manager-1.11.jar with filter ExtendsClassFilter [parents=[interface org.apache.jmeter.functions.Function], inner=false, contains=null, notContains=null]. Consider exposing JMeter plugins via META-INF/services, and add JMeter-Skip-Class-Scanning=true manifest attribute so JMeter can skip classfile scanning
2025-12-23 16:15:41,184 INFO o.a.j.r.ClassFinder: Will scan jar C:\Users\amanda.coliveira\Documents\Pessoal\PosGraduacao\9 - Automação de Testes de Performance\apache-jmeter-5.6.3\apache-jmeter-5.6.3\lib\ext\jmeter-plugins-graphs-basic-2.0.jar with filter ExtendsClassFilter [parents=[interface org.apache.jmeter.functions.Function], inner=false, contains=null, notContains=null]. Consider exposing JMeter plugins via META-INF/services, and add JMeter-Skip-Class-Scanning=true manifest attribute so JMeter can skip classfile scanning
2025-12-23 16:15:41,190 INFO o.a.j.r.ClassFinder: Will scan jar C:\Users\amanda.coliveira\Documents\Pessoal\PosGraduacao\9 - Automação de Testes de Performance\apache-jmeter-5.6.3\apache-jmeter-5.6.3\lib\ext\jmeter-plugins-graphs-composite-2.0.jar with filter ExtendsClassFilter [parents=[interface org.apache.jmeter.functions.Function], inner=false, contains=null, notContains=null]. Consider exposing JMeter plugins via META-INF/services, and add JMeter-Skip-Class-Scanning=true manifest attribute so JMeter can skip classfile scanning
2025-12-23 16:15:41,220 INFO o.a.j.JMeter: Running test (1766517341220)
2025-12-23 16:15:41,243 INFO o.a.j.e.StandardJMeterEngine: Starting ThreadGroup: 1 : Registrando usuários no sistema
2025-12-23 16:15:41,244 INFO o.a.j.e.StandardJMeterEngine: Starting 50 threads for group Registrando usuários no sistema.
2025-12-23 16:15:41,244 INFO o.a.j.e.StandardJMeterEngine: Thread will continue on error
2025-12-23 16:15:41,244 INFO o.a.j.t.ThreadGroup: Starting thread group... number=1 threads=50 ramp-up=1 delayedStart=false
2025-12-23 16:15:41,369 INFO o.a.j.t.ThreadGroup: Started thread group number 1
2025-12-23 16:15:41,369 INFO o.a.j.e.StandardJMeterEngine: All thread groups have been started
2025-12-23 16:15:41,439 INFO o.a.j.t.JMeterThread: Thread started: Registrando usuários no sistema 1-1
2025-12-23 16:15:41,442 INFO o.a.j.s.FileServer: Stored: C:/Users/amanda.coliveira/Documents/Pessoal/PosGraduacao/9 - Automação de Testes de Performance/PGATS_Performance_TrabalhoFinal/performance/jmeter/test-data/usuarios.csv
2025-12-23 16:15:41,454 INFO o.a.j.t.JMeterThread: Thread started: Registrando usuários no sistema 1-2
2025-12-23 16:15:41,470 INFO o.a.j.t.JMeterThread: Thread started: Registrando usuários no sistema 1-3
2025-12-23 16:15:41,485 INFO o.a.j.t.JMeterThread: Thread started: Registrando usuários no sistema 1-4
2025-12-23 16:15:41,504 INFO o.a.j.t.JMeterThread: Thread started: Registrando usuários no sistema 1-5
2025-12-23 16:15:41,517 INFO o.a.j.p.h.s.HTTPHCAbstractImpl: Local host = DSPN180100320
2025-12-23 16:15:41,520 INFO o.a.j.t.JMeterThread: Thread started: Registrando usuários no sistema 1-6
2025-12-23 16:15:41,536 INFO o.a.j.p.h.s.HTTPHC4Impl: HTTP request retry count = 0
2025-12-23 16:15:41,538 INFO o.a.j.s.SampleResult: Note: Sample TimeStamps are START times
2025-12-23 16:15:41,538 INFO o.a.j.t.JMeterThread: Thread started: Registrando usuários no sistema 1-7
2025-12-23 16:15:41,538 INFO o.a.j.s.SampleResult: sampleresult.default.encoding is set to UTF-8
2025-12-23 16:15:41,538 INFO o.a.j.s.SampleResult: sampleresult.useNanoTime=true
2025-12-23 16:15:41,539 INFO o.a.j.s.SampleResult: sampleresult.nanoThreadSleep=5000
2025-12-23 16:15:41,555 INFO o.a.j.t.JMeterThread: Thread started: Registrando usuários no sistema 1-8
2025-12-23 16:15:41,577 INFO o.a.j.t.JMeterThread: Thread started: Registrando usuários no sistema 1-9
2025-12-23 16:15:41,585 INFO o.a.j.t.JMeterThread: Thread started: Registrando usuários no sistema 1-10
2025-12-23 16:15:41,610 INFO o.a.j.t.JMeterThread: Thread started: Registrando usuários no sistema 1-11
2025-12-23 16:15:41,629 INFO o.a.j.t.JMeterThread: Thread started: Registrando usuários no sistema 1-12
2025-12-23 16:15:41,649 INFO o.a.j.t.JMeterThread: Thread started: Registrando usuários no sistema 1-13
2025-12-23 16:15:41,670 INFO o.a.j.t.JMeterThread: Thread started: Registrando usuários no sistema 1-14
2025-12-23 16:15:41,693 INFO o.a.j.t.JMeterThread: Thread started: Registrando usuários no sistema 1-15
2025-12-23 16:15:41,742 INFO o.a.j.t.JMeterThread: Thread started: Registrando usuários no sistema 1-17
2025-12-23 16:15:41,746 INFO o.a.j.t.JMeterThread: Thread started: Registrando usuários no sistema 1-18
2025-12-23 16:15:41,743 INFO o.a.j.t.JMeterThread: Thread started: Registrando usuários no sistema 1-16
2025-12-23 16:15:41,758 INFO o.a.j.t.JMeterThread: Thread started: Registrando usuários no sistema 1-19
2025-12-23 16:15:41,783 INFO o.a.j.t.JMeterThread: Thread started: Registrando usuários no sistema 1-20
2025-12-23 16:15:41,801 INFO o.a.j.t.JMeterThread: Thread started: Registrando usuários no sistema 1-21
2025-12-23 16:15:41,823 INFO o.a.j.t.JMeterThread: Thread started: Registrando usuários no sistema 1-22
2025-12-23 16:15:41,844 INFO o.a.j.t.JMeterThread: Thread started: Registrando usuários no sistema 1-23
2025-12-23 16:15:41,882 INFO o.a.j.t.JMeterThread: Thread started: Registrando usuários no sistema 1-25
2025-12-23 16:15:41,866 INFO o.a.j.t.JMeterThread: Thread started: Registrando usuários no sistema 1-24
2025-12-23 16:15:41,893 INFO o.a.j.t.JMeterThread: Thread started: Registrando usuários no sistema 1-26
2025-12-23 16:15:41,906 INFO o.a.j.t.JMeterThread: Thread started: Registrando usuários no sistema 1-27
2025-12-23 16:15:41,931 INFO o.a.j.t.JMeterThread: Thread started: Registrando usuários no sistema 1-28
2025-12-23 16:15:41,949 INFO o.a.j.t.JMeterThread: Thread started: Registrando usuários no sistema 1-29
2025-12-23 16:15:41,963 INFO o.a.j.t.JMeterThread: Thread started: Registrando usuários no sistema 1-30
2025-12-23 16:15:41,981 INFO o.a.j.t.JMeterThread: Thread started: Registrando usuários no sistema 1-31
2025-12-23 16:15:42,002 INFO o.a.j.t.JMeterThread: Thread started: Registrando usuários no sistema 1-32
2025-12-23 16:15:42,021 INFO o.a.j.t.JMeterThread: Thread started: Registrando usuários no sistema 1-33
2025-12-23 16:15:42,028 INFO o.a.j.t.JMeterThread: Thread started: Registrando usuários no sistema 1-34
2025-12-23 16:15:42,054 INFO o.a.j.t.JMeterThread: Thread started: Registrando usuários no sistema 1-35
2025-12-23 16:15:42,078 INFO o.a.j.t.JMeterThread: Thread started: Registrando usuários no sistema 1-36
2025-12-23 16:15:42,081 INFO o.a.j.t.JMeterThread: Thread started: Registrando usuários no sistema 1-37
2025-12-23 16:15:42,108 INFO o.a.j.t.JMeterThread: Thread started: Registrando usuários no sistema 1-38
2025-12-23 16:15:42,125 INFO o.a.j.t.JMeterThread: Thread started: Registrando usuários no sistema 1-39
2025-12-23 16:15:42,139 INFO o.a.j.t.JMeterThread: Thread started: Registrando usuários no sistema 1-40
2025-12-23 16:15:42,152 INFO o.a.j.t.JMeterThread: Thread started: Registrando usuários no sistema 1-41
2025-12-23 16:15:42,175 INFO o.a.j.t.JMeterThread: Thread started: Registrando usuários no sistema 1-42
2025-12-23 16:15:42,192 INFO o.a.j.t.JMeterThread: Thread started: Registrando usuários no sistema 1-43
2025-12-23 16:15:42,211 INFO o.a.j.t.JMeterThread: Thread started: Registrando usuários no sistema 1-44
2025-12-23 16:15:42,231 INFO o.a.j.t.JMeterThread: Thread started: Registrando usuários no sistema 1-45
2025-12-23 16:15:42,254 INFO o.a.j.t.JMeterThread: Thread started: Registrando usuários no sistema 1-46
2025-12-23 16:15:42,265 INFO o.a.j.t.JMeterThread: Thread started: Registrando usuários no sistema 1-47
2025-12-23 16:15:42,290 INFO o.a.j.t.JMeterThread: Thread started: Registrando usuários no sistema 1-48
2025-12-23 16:15:42,310 INFO o.a.j.t.JMeterThread: Thread started: Registrando usuários no sistema 1-49
2025-12-23 16:15:42,351 INFO o.a.j.t.JMeterThread: Thread started: Registrando usuários no sistema 1-50
2025-12-23 16:15:43,158 INFO o.a.j.t.JMeterThread: Thread is done: Registrando usuários no sistema 1-2
2025-12-23 16:15:43,158 INFO o.a.j.t.JMeterThread: Thread finished: Registrando usuários no sistema 1-2
2025-12-23 16:15:44,378 INFO o.a.j.t.JMeterThread: Thread is done: Registrando usuários no sistema 1-18
2025-12-23 16:15:44,378 INFO o.a.j.t.JMeterThread: Thread finished: Registrando usuários no sistema 1-18
2025-12-23 16:15:44,443 INFO o.a.j.t.JMeterThread: Thread is done: Registrando usuários no sistema 1-7
2025-12-23 16:15:44,443 INFO o.a.j.t.JMeterThread: Thread finished: Registrando usuários no sistema 1-7
2025-12-23 16:15:44,503 INFO o.a.j.t.JMeterThread: Thread is done: Registrando usuários no sistema 1-14
2025-12-23 16:15:44,503 INFO o.a.j.t.JMeterThread: Thread finished: Registrando usuários no sistema 1-14
2025-12-23 16:15:44,554 INFO o.a.j.t.JMeterThread: Thread is done: Registrando usuários no sistema 1-10
2025-12-23 16:15:44,555 INFO o.a.j.t.JMeterThread: Thread finished: Registrando usuários no sistema 1-10
2025-12-23 16:15:44,608 INFO o.a.j.t.JMeterThread: Thread is done: Registrando usuários no sistema 1-8
2025-12-23 16:15:44,608 INFO o.a.j.t.JMeterThread: Thread finished: Registrando usuários no sistema 1-8
2025-12-23 16:15:44,655 INFO o.a.j.t.JMeterThread: Thread is done: Registrando usuários no sistema 1-6
2025-12-23 16:15:44,655 INFO o.a.j.t.JMeterThread: Thread finished: Registrando usuários no sistema 1-6
2025-12-23 16:15:44,701 INFO o.a.j.t.JMeterThread: Thread is done: Registrando usuários no sistema 1-4
2025-12-23 16:15:44,702 INFO o.a.j.t.JMeterThread: Thread finished: Registrando usuários no sistema 1-4
2025-12-23 16:15:44,753 INFO o.a.j.t.JMeterThread: Thread is done: Registrando usuários no sistema 1-13
2025-12-23 16:15:44,754 INFO o.a.j.t.JMeterThread: Thread finished: Registrando usuários no sistema 1-13
2025-12-23 16:15:44,803 INFO o.a.j.t.JMeterThread: Thread is done: Registrando usuários no sistema 1-9
2025-12-23 16:15:44,804 INFO o.a.j.t.JMeterThread: Thread finished: Registrando usuários no sistema 1-9
2025-12-23 16:15:44,849 INFO o.a.j.t.JMeterThread: Thread is done: Registrando usuários no sistema 1-11
2025-12-23 16:15:44,850 INFO o.a.j.t.JMeterThread: Thread finished: Registrando usuários no sistema 1-11
2025-12-23 16:15:44,895 INFO o.a.j.t.JMeterThread: Thread is done: Registrando usuários no sistema 1-12
2025-12-23 16:15:44,896 INFO o.a.j.t.JMeterThread: Thread finished: Registrando usuários no sistema 1-12
2025-12-23 16:15:44,939 INFO o.a.j.t.JMeterThread: Thread is done: Registrando usuários no sistema 1-3
2025-12-23 16:15:44,939 INFO o.a.j.t.JMeterThread: Thread finished: Registrando usuários no sistema 1-3
2025-12-23 16:15:44,989 INFO o.a.j.t.JMeterThread: Thread is done: Registrando usuários no sistema 1-19
2025-12-23 16:15:44,989 INFO o.a.j.t.JMeterThread: Thread finished: Registrando usuários no sistema 1-19
2025-12-23 16:15:45,031 INFO o.a.j.t.JMeterThread: Thread is done: Registrando usuários no sistema 1-16
2025-12-23 16:15:45,032 INFO o.a.j.t.JMeterThread: Thread finished: Registrando usuários no sistema 1-16
2025-12-23 16:15:45,060 INFO o.a.j.t.JMeterThread: Thread is done: Registrando usuários no sistema 1-22
2025-12-23 16:15:45,061 INFO o.a.j.t.JMeterThread: Thread finished: Registrando usuários no sistema 1-22
2025-12-23 16:15:45,101 INFO o.a.j.t.JMeterThread: Thread is done: Registrando usuários no sistema 1-1
2025-12-23 16:15:45,101 INFO o.a.j.t.JMeterThread: Thread finished: Registrando usuários no sistema 1-1
2025-12-23 16:15:45,140 INFO o.a.j.t.JMeterThread: Thread is done: Registrando usuários no sistema 1-15
2025-12-23 16:15:45,140 INFO o.a.j.t.JMeterThread: Thread finished: Registrando usuários no sistema 1-15
2025-12-23 16:15:45,177 INFO o.a.j.t.JMeterThread: Thread is done: Registrando usuários no sistema 1-5
2025-12-23 16:15:45,178 INFO o.a.j.t.JMeterThread: Thread finished: Registrando usuários no sistema 1-5
2025-12-23 16:15:45,217 INFO o.a.j.t.JMeterThread: Thread is done: Registrando usuários no sistema 1-20
2025-12-23 16:15:45,218 INFO o.a.j.t.JMeterThread: Thread finished: Registrando usuários no sistema 1-20
2025-12-23 16:15:45,252 INFO o.a.j.t.JMeterThread: Thread is done: Registrando usuários no sistema 1-17
2025-12-23 16:15:45,253 INFO o.a.j.t.JMeterThread: Thread finished: Registrando usuários no sistema 1-17
2025-12-23 16:15:45,295 INFO o.a.j.t.JMeterThread: Thread is done: Registrando usuários no sistema 1-21
2025-12-23 16:15:45,295 INFO o.a.j.t.JMeterThread: Thread finished: Registrando usuários no sistema 1-21
2025-12-23 16:15:45,338 INFO o.a.j.t.JMeterThread: Thread is done: Registrando usuários no sistema 1-23
2025-12-23 16:15:45,338 INFO o.a.j.t.JMeterThread: Thread finished: Registrando usuários no sistema 1-23
2025-12-23 16:15:45,373 INFO o.a.j.t.JMeterThread: Thread is done: Registrando usuários no sistema 1-24
2025-12-23 16:15:45,373 INFO o.a.j.t.JMeterThread: Thread finished: Registrando usuários no sistema 1-24
2025-12-23 16:15:45,399 INFO o.a.j.t.JMeterThread: Thread is done: Registrando usuários no sistema 1-25
2025-12-23 16:15:45,399 INFO o.a.j.t.JMeterThread: Thread finished: Registrando usuários no sistema 1-25
2025-12-23 16:15:45,434 INFO o.a.j.t.JMeterThread: Thread is done: Registrando usuários no sistema 1-26
2025-12-23 16:15:45,434 INFO o.a.j.t.JMeterThread: Thread finished: Registrando usuários no sistema 1-26
2025-12-23 16:15:45,468 INFO o.a.j.t.JMeterThread: Thread is done: Registrando usuários no sistema 1-27
2025-12-23 16:15:45,468 INFO o.a.j.t.JMeterThread: Thread finished: Registrando usuários no sistema 1-27
2025-12-23 16:15:45,500 INFO o.a.j.t.JMeterThread: Thread is done: Registrando usuários no sistema 1-28
2025-12-23 16:15:45,500 INFO o.a.j.t.JMeterThread: Thread finished: Registrando usuários no sistema 1-28
2025-12-23 16:15:45,537 INFO o.a.j.t.JMeterThread: Thread is done: Registrando usuários no sistema 1-29
2025-12-23 16:15:45,538 INFO o.a.j.t.JMeterThread: Thread finished: Registrando usuários no sistema 1-29
2025-12-23 16:15:45,571 INFO o.a.j.t.JMeterThread: Thread is done: Registrando usuários no sistema 1-30
2025-12-23 16:15:45,571 INFO o.a.j.t.JMeterThread: Thread finished: Registrando usuários no sistema 1-30
2025-12-23 16:15:45,601 INFO o.a.j.t.JMeterThread: Thread is done: Registrando usuários no sistema 1-31
2025-12-23 16:15:45,602 INFO o.a.j.t.JMeterThread: Thread finished: Registrando usuários no sistema 1-31
2025-12-23 16:15:45,638 INFO o.a.j.t.JMeterThread: Thread is done: Registrando usuários no sistema 1-32
2025-12-23 16:15:45,638 INFO o.a.j.t.JMeterThread: Thread finished: Registrando usuários no sistema 1-32
2025-12-23 16:15:45,668 INFO o.a.j.t.JMeterThread: Thread is done: Registrando usuários no sistema 1-33
2025-12-23 16:15:45,668 INFO o.a.j.t.JMeterThread: Thread finished: Registrando usuários no sistema 1-33
2025-12-23 16:15:45,702 INFO o.a.j.t.JMeterThread: Thread is done: Registrando usuários no sistema 1-34
2025-12-23 16:15:45,702 INFO o.a.j.t.JMeterThread: Thread finished: Registrando usuários no sistema 1-34
2025-12-23 16:15:45,733 INFO o.a.j.t.JMeterThread: Thread is done: Registrando usuários no sistema 1-35
2025-12-23 16:15:45,733 INFO o.a.j.t.JMeterThread: Thread finished: Registrando usuários no sistema 1-35
2025-12-23 16:15:45,761 INFO o.a.j.t.JMeterThread: Thread is done: Registrando usuários no sistema 1-36
2025-12-23 16:15:45,761 INFO o.a.j.t.JMeterThread: Thread finished: Registrando usuários no sistema 1-36
2025-12-23 16:15:45,789 INFO o.a.j.t.JMeterThread: Thread is done: Registrando usuários no sistema 1-37
2025-12-23 16:15:45,789 INFO o.a.j.t.JMeterThread: Thread finished: Registrando usuários no sistema 1-37
2025-12-23 16:15:46,158 INFO o.a.j.t.JMeterThread: Thread is done: Registrando usuários no sistema 1-38
2025-12-23 16:15:46,158 INFO o.a.j.t.JMeterThread: Thread finished: Registrando usuários no sistema 1-38
2025-12-23 16:15:46,188 INFO o.a.j.t.JMeterThread: Thread is done: Registrando usuários no sistema 1-39
2025-12-23 16:15:46,188 INFO o.a.j.t.JMeterThread: Thread finished: Registrando usuários no sistema 1-39
2025-12-23 16:15:46,231 INFO o.a.j.t.JMeterThread: Thread is done: Registrando usuários no sistema 1-40
2025-12-23 16:15:46,232 INFO o.a.j.t.JMeterThread: Thread finished: Registrando usuários no sistema 1-40
2025-12-23 16:15:46,258 INFO o.a.j.t.JMeterThread: Thread is done: Registrando usuários no sistema 1-41
2025-12-23 16:15:46,259 INFO o.a.j.t.JMeterThread: Thread finished: Registrando usuários no sistema 1-41
2025-12-23 16:15:46,289 INFO o.a.j.t.JMeterThread: Thread is done: Registrando usuários no sistema 1-42
2025-12-23 16:15:46,290 INFO o.a.j.t.JMeterThread: Thread finished: Registrando usuários no sistema 1-42
2025-12-23 16:15:46,324 INFO o.a.j.t.JMeterThread: Thread is done: Registrando usuários no sistema 1-43
2025-12-23 16:15:46,325 INFO o.a.j.t.JMeterThread: Thread finished: Registrando usuários no sistema 1-43
2025-12-23 16:15:46,359 INFO o.a.j.t.JMeterThread: Thread is done: Registrando usuários no sistema 1-44
2025-12-23 16:15:46,360 INFO o.a.j.t.JMeterThread: Thread finished: Registrando usuários no sistema 1-44
2025-12-23 16:15:46,390 INFO o.a.j.t.JMeterThread: Thread is done: Registrando usuários no sistema 1-45
2025-12-23 16:15:46,390 INFO o.a.j.t.JMeterThread: Thread finished: Registrando usuários no sistema 1-45
2025-12-23 16:15:46,421 INFO o.a.j.t.JMeterThread: Thread is done: Registrando usuários no sistema 1-46
2025-12-23 16:15:46,422 INFO o.a.j.t.JMeterThread: Thread finished: Registrando usuários no sistema 1-46
2025-12-23 16:15:46,461 INFO o.a.j.t.JMeterThread: Thread is done: Registrando usuários no sistema 1-47
2025-12-23 16:15:46,462 INFO o.a.j.t.JMeterThread: Thread finished: Registrando usuários no sistema 1-47
2025-12-23 16:15:46,489 INFO o.a.j.t.JMeterThread: Thread is done: Registrando usuários no sistema 1-48
2025-12-23 16:15:46,489 INFO o.a.j.t.JMeterThread: Thread finished: Registrando usuários no sistema 1-48
2025-12-23 16:15:46,513 INFO o.a.j.t.JMeterThread: Thread is done: Registrando usuários no sistema 1-49
2025-12-23 16:15:46,513 INFO o.a.j.t.JMeterThread: Thread finished: Registrando usuários no sistema 1-49
2025-12-23 16:15:46,555 INFO o.a.j.t.JMeterThread: Thread is done: Registrando usuários no sistema 1-50
2025-12-23 16:15:46,555 INFO o.a.j.t.JMeterThread: Thread finished: Registrando usuários no sistema 1-50
2025-12-23 16:15:46,556 INFO o.a.j.e.StandardJMeterEngine: Notifying test listeners of end of test
2025-12-23 16:15:46,556 INFO o.a.j.s.FileServer: Close: C:/Users/amanda.coliveira/Documents/Pessoal/PosGraduacao/9 - Automação de Testes de Performance/PGATS_Performance_TrabalhoFinal/performance/jmeter/test-data/usuarios.csv
2025-12-23 16:15:46,563 INFO o.a.j.r.Summariser: summary =    100 in 00:00:05 =   18.7/s Avg:  1747 Min:   322 Max:  3784 Err:     0 (0.00%)
